
## 2026-05-12T00:15:44Z  v2.7.2 (8fdfe3b)
  dispatch_initialize: 2us avg (min=978ns max=18us) [10000 iters]
  dispatch_tools_list: 3us avg (min=1us max=17us) [10000 iters]
  dispatch_tools_call: 6us avg (min=4us max=23us) [10000 iters]
  jsonx_get_str_flat: 1us avg (min=907ns max=43us) [100000 iters]
  jsonx_get_raw_nested: 1us avg (min=907ns max=23us) [100000 iters]
  codec_parse_request: 2us avg (min=1us max=15us) [10000 iters]
  codec_serialize_response: 1us avg (min=907ns max=31us) [10000 iters]
  codec_process_message: 8us avg (min=6us max=65us) [10000 iters]
  validate_compiled_simple: 1us avg (min=908ns max=110us) [10000 iters]
  validate_compiled_nested: 3us avg (min=2us max=224us) [10000 iters]
  schema_compile_simple: 4us avg (min=2us max=217us) [10000 iters]
  schema_compile_nested: 7us avg (min=5us max=222us) [10000 iters]
  auth_bearer_check_unset: 1us avg (min=838ns max=23us) [100000 iters]
  auth_bearer_check_set: 2us avg (min=907ns max=207us) [100000 iters]

## 2026-06-10T18:51:55Z  v2.7.3 (4937a49)
  dispatch_initialize: 2us avg (min=1us max=25us) [10000 iters]
  dispatch_tools_list: 3us avg (min=1us max=88us) [10000 iters]
  dispatch_tools_call: 6us avg (min=4us max=218us) [10000 iters]
  jsonx_get_str_flat: 1us avg (min=489ns max=22us) [100000 iters]
  jsonx_get_raw_nested: 1us avg (min=907ns max=16us) [100000 iters]
  codec_parse_request: 2us avg (min=1us max=11us) [10000 iters]
  codec_serialize_response: 1us avg (min=977ns max=15us) [10000 iters]
  codec_process_message: 8us avg (min=6us max=218us) [10000 iters]
  validate_compiled_simple: 1us avg (min=908ns max=13us) [10000 iters]
  validate_compiled_nested: 3us avg (min=2us max=208us) [10000 iters]
  schema_compile_simple: 3us avg (min=2us max=218us) [10000 iters]
  schema_compile_nested: 7us avg (min=5us max=228us) [10000 iters]
  auth_bearer_check_unset: 1us avg (min=838ns max=15us) [100000 iters]
  auth_bearer_check_set: 2us avg (min=838ns max=17us) [100000 iters]

## 2026-06-16T03:17:10Z  v2.7.6 (d033e06)
  dispatch_initialize: 2us avg (min=1us max=30us) [10000 iters]
  dispatch_tools_list: 3us avg (min=2us max=188us) [10000 iters]
  dispatch_tools_call: 6us avg (min=5us max=20us) [10000 iters]
  jsonx_get_str_flat: 1us avg (min=419ns max=15us) [100000 iters]
  jsonx_get_raw_nested: 1us avg (min=488ns max=25us) [100000 iters]
  codec_parse_request: 3us avg (min=1us max=194us) [10000 iters]
  codec_serialize_response: 1us avg (min=489ns max=25us) [10000 iters]
  codec_process_message: 9us avg (min=6us max=36us) [10000 iters]
  validate_compiled_simple: 2us avg (min=908ns max=124us) [10000 iters]
  validate_compiled_nested: 4us avg (min=2us max=20us) [10000 iters]
  schema_compile_simple: 4us avg (min=2us max=226us) [10000 iters]
  schema_compile_nested: 9us avg (min=7us max=143us) [10000 iters]
  auth_bearer_check_unset: 1us avg (min=419ns max=22us) [100000 iters]
  auth_bearer_check_set: 2us avg (min=907ns max=26us) [100000 iters]

## 2026-07-17T01:33:08Z  v3.1.2 (f107492)
  dispatch_initialize: 2.896us avg (min=1.397us max=39.181us) [10000 iters]
  dispatch_tools_list: 3.463us avg (min=2.374us max=14.388us) [10000 iters]
  dispatch_tools_call: 6.605us avg (min=4.190us max=23.397us) [10000 iters]
  jsonx_get_str_flat: 1.467us avg (min=907ns max=26.260us) [100000 iters]
  jsonx_get_raw_nested: 1.793us avg (min=908ns max=24.864us) [100000 iters]
  codec_parse_request: 2.723us avg (min=1.327us max=42.393us) [10000 iters]
  codec_serialize_response: 1.916us avg (min=908ns max=19.276us) [10000 iters]
  codec_process_message: 8.847us avg (min=6.635us max=63.346us) [10000 iters]
  validate_compiled_simple: 1.942us avg (min=907ns max=31.987us) [10000 iters]
  validate_compiled_nested: 3.636us avg (min=2.305us max=50.705us) [10000 iters]
  schema_compile_simple: 3.847us avg (min=2.305us max=54.756us) [10000 iters]
  schema_compile_nested: 7.476us avg (min=5.238us max=52.381us) [10000 iters]
  auth_bearer_check_unset: 1.337us avg (min=838ns max=25.143us) [100000 iters]
  auth_bearer_check_set: 2.140us avg (min=907ns max=54.406us) [100000 iters]

## 2026-07-17T22:18:39Z  v3.1.3 (6fc8391)
  dispatch_initialize: 1.856us avg (min=1.522us max=24.396us) [10000 iters]
  dispatch_tools_list: 2.447us avg (min=2.184us max=9.839us) [10000 iters]
  dispatch_tools_call: 3.706us avg (min=3.496us max=14.247us) [10000 iters]
  jsonx_get_str_flat: 497ns avg (min=470ns max=7.093us) [100000 iters]
  jsonx_get_raw_nested: 740ns avg (min=691ns max=19.567us) [100000 iters]
  codec_parse_request: 1.628us avg (min=1.542us max=25.849us) [10000 iters]
  codec_serialize_response: 854ns avg (min=771ns max=8.156us) [10000 iters]
  codec_process_message: 5.456us avg (min=5.120us max=23.915us) [10000 iters]
  validate_compiled_simple: 876ns avg (min=791ns max=5.410us) [10000 iters]
  validate_compiled_nested: 2.587us avg (min=2.264us max=20.639us) [10000 iters]
  schema_compile_simple: 2.888us avg (min=2.484us max=14.547us) [10000 iters]
  schema_compile_nested: 6.228us avg (min=5.229us max=72.055us) [10000 iters]
  auth_bearer_check_unset: 360ns avg (min=340ns max=5.089us) [100000 iters]
  auth_bearer_check_set: 1.053us avg (min=1.011us max=23.043us) [100000 iters]

## 2026-07-17T22:47:02Z  v3.1.4 (f83ee55)
  dispatch_initialize: 1.805us avg (min=1.513us max=25.568us) [10000 iters]
  dispatch_tools_list: 2.401us avg (min=2.113us max=20.008us) [10000 iters]
  dispatch_tools_call: 3.679us avg (min=3.486us max=13.716us) [10000 iters]
  jsonx_get_str_flat: 517ns avg (min=480ns max=22.853us) [100000 iters]
  jsonx_get_raw_nested: 743ns avg (min=701ns max=20.548us) [100000 iters]
  codec_parse_request: 1.643us avg (min=1.562us max=6.452us) [10000 iters]
  codec_serialize_response: 835ns avg (min=751ns max=5.631us) [10000 iters]
  codec_process_message: 5.526us avg (min=5.099us max=24.806us) [10000 iters]
  validate_compiled_simple: 900ns avg (min=791ns max=7.033us) [10000 iters]
  validate_compiled_nested: 2.577us avg (min=2.244us max=9.347us) [10000 iters]
  schema_compile_simple: 2.911us avg (min=2.504us max=46.146us) [10000 iters]
  schema_compile_nested: 6.349us avg (min=5.279us max=95.669us) [10000 iters]
  auth_bearer_check_unset: 360ns avg (min=340ns max=20.709us) [100000 iters]
  auth_bearer_check_set: 1.059us avg (min=1.021us max=22.281us) [100000 iters]

## 2026-07-31T00:40:02Z  v3.2.0 (1344bc2)
  dispatch_initialize: 2.865us avg (min=1.396us max=44.628us) [10000 iters]
  dispatch_tools_list: 3.451us avg (min=1.886us max=59.854us) [10000 iters]
  dispatch_tools_call: 6.828us avg (min=4.749us max=116.077us) [10000 iters]
  jsonx_get_str_flat: 1.468us avg (min=907ns max=65.301us) [100000 iters]
  jsonx_get_raw_nested: 1.861us avg (min=907ns max=208.476us) [100000 iters]
  codec_parse_request: 2.714us avg (min=1.396us max=16.343us) [10000 iters]
  codec_serialize_response: 1.905us avg (min=839ns max=14.667us) [10000 iters]
  codec_process_message: 8.790us avg (min=6.146us max=29.543us) [10000 iters]
  validate_compiled_simple: 2.041us avg (min=907ns max=23.467us) [10000 iters]
  validate_compiled_nested: 3.835us avg (min=2.305us max=23.397us) [10000 iters]
  schema_compile_simple: 3.905us avg (min=2.375us max=68.514us) [10000 iters]
  schema_compile_nested: 7.666us avg (min=5.238us max=132.628us) [10000 iters]
  auth_bearer_check_unset: 1.339us avg (min=489ns max=15.365us) [100000 iters]
  auth_bearer_check_set: 2.183us avg (min=907ns max=533.238us) [100000 iters]

### NOTE (3.2.0, toolchain 6.4.66 -> 6.5.3): the level shift above is the HOST, not the bump.
### Every figure in the v3.2.0 block is ~1.5-3.7x the v3.1.4 block. Controlled A/B on this same
### machine, same hour, identical bench source, `cyrius build --no-deps` + direct run:
###   A  cycc 6.4.66 + stdlib 6.4.66  (the exact 3.1.4 world)
###   B  cycc 6.5.3  + stdlib 6.5.3   (the 3.2.0 world)
###   C  cycc 6.5.3  + stdlib 6.4.66  (compiler isolated from stdlib)
###                              A(old)     B(new)     C(mix)
###   dispatch_initialize        2.924us    2.864us    2.901us
###   dispatch_tools_call        7.266us    6.701us    6.972us
###   jsonx_get_str_flat         1.474us    1.475us    1.474us
###   codec_process_message      9.103us    8.809us    9.203us
###   schema_compile_nested      7.568us    7.662us    7.516us
###   auth_bearer_check_unset    1.347us    1.333us    1.347us
###   auth_bearer_check_set      2.140us    2.124us    2.137us
### A == B == C within run-to-run noise, and the 6.4.66 control reproduces the SLOW numbers.
### So the bump is performance-neutral; the host regressed between 2026-07-17 and 2026-07-30.
### bench.cyr and chrono.cyr are byte-identical between the two snapshots (diff -q, rc=0), so it
### is not a measurement-harness change either. Compare v3.2.0 forward against v3.2.0, not
### against v3.1.4, until the host baseline is re-established.

## 2026-07-31T01:04:55Z  v3.2.0 (fbca945)
  dispatch_initialize: 2.876us avg (min=1.397us max=59.923us) [10000 iters]
  dispatch_tools_list: 3.438us avg (min=1.956us max=60.064us) [10000 iters]
  dispatch_tools_call: 6.775us avg (min=4.749us max=31.079us) [10000 iters]
  jsonx_get_str_flat: 1.465us avg (min=908ns max=26.051us) [100000 iters]
  jsonx_get_raw_nested: 1.832us avg (min=907ns max=31.498us) [100000 iters]
  codec_parse_request: 2.694us avg (min=1.397us max=31.988us) [10000 iters]
  codec_serialize_response: 1.891us avg (min=908ns max=52.800us) [10000 iters]
  codec_process_message: 8.714us avg (min=6.565us max=125.085us) [10000 iters]
  validate_compiled_simple: 1.944us avg (min=1.396us max=132.768us) [10000 iters]
  validate_compiled_nested: 3.701us avg (min=2.304us max=16.133us) [10000 iters]
  schema_compile_simple: 3.887us avg (min=2.374us max=128.788us) [10000 iters]
  schema_compile_nested: 7.570us avg (min=5.308us max=161.473us) [10000 iters]
  auth_bearer_check_unset: 1.335us avg (min=838ns max=16.762us) [100000 iters]
  auth_bearer_check_set: 2.147us avg (min=907ns max=33.803us) [100000 iters]
### ^ Final 3.2.0 run, after the JWT/PKCE bundle fold (fbca945). Flat against the first 3.2.0
### block above (dispatch_initialize 2.865 -> 2.876 us, auth_bearer_check_unset 1.339 -> 1.335 us),
### confirming the two new modules cost the dispatch path nothing — they are not on it.

## 2026-07-31T01:26:09Z  v3.2.1 (42a636b)
  dispatch_initialize: 2.826us avg (min=1.396us max=25.772us) [10000 iters]
  dispatch_tools_list: 3.412us avg (min=2.305us max=43.861us) [10000 iters]
  dispatch_tools_call: 6.783us avg (min=4.330us max=17.740us) [10000 iters]
  jsonx_get_str_flat: 1.468us avg (min=907ns max=31.917us) [100000 iters]
  jsonx_get_raw_nested: 1.824us avg (min=907ns max=19.905us) [100000 iters]
  codec_parse_request: 2.803us avg (min=1.397us max=369.251us) [10000 iters]
  codec_serialize_response: 1.907us avg (min=907ns max=21.371us) [10000 iters]
  codec_process_message: 8.712us avg (min=6.635us max=83.809us) [10000 iters]
  validate_compiled_simple: 1.935us avg (min=908ns max=13.270us) [10000 iters]
  validate_compiled_nested: 3.735us avg (min=2.304us max=129.067us) [10000 iters]
  schema_compile_simple: 3.944us avg (min=2.374us max=128.299us) [10000 iters]
  schema_compile_nested: 7.946us avg (min=5.587us max=134.863us) [10000 iters]
  auth_bearer_check_unset: 1.346us avg (min=838ns max=18.019us) [100000 iters]
  auth_bearer_check_set: 2.155us avg (min=907ns max=128.648us) [100000 iters]
### ^ 3.2.1. Flat against the 3.2.0 block (dispatch_initialize 2.876 -> 2.826 us,
### auth_bearer_check_unset 1.335 -> 1.346 us). Expected: the sys_accept4 swap and the
### accept-error policy are in the Unix transport's connection-accept path, which no
### benchmark touches — all 14 exercise dispatch / codec / schema / jsonx / auth.
